=== Getting cluster credentials (ap-sandbox-bench / us-central1-a) ===
Fetching cluster endpoint and auth data.
kubeconfig entry generated for ap-sandbox-bench.
=== Minting worker token + injecting into manifest ===
Worker: 40x @ 100m | App: 2x @ 1500m | REUSE=true
=== Applying manifest ===
configmap/ap-config configured
deployment.apps/postgres unchanged
service/postgres unchanged
deployment.apps/redis unchanged
service/redis unchanged
deployment.apps/app unchanged
service/app unchanged
deployment.apps/worker configured
=== Forcing fresh worker rollout (re-pull image) ===
deployment.apps/worker restarted
=== Waiting for app + worker rollouts ===
deployment "app" successfully rolled out
Waiting for deployment "worker" rollout to finish: 0 out of 40 new replicas have been updated...
Waiting for deployment "worker" rollout to finish: 0 out of 40 new replicas have been updated...
Waiting for deployment "worker" rollout to finish: 0 out of 40 new replicas have been updated...
Waiting for deployment "worker" rollout to finish: 0 out of 40 new replicas have been updated...
Waiting for deployment "worker" rollout to finish: 0 out of 40 new replicas have been updated...
Waiting for deployment "worker" rollout to finish: 0 out of 40 new replicas have been updated...
Waiting for deployment "worker" rollout to finish: 0 out of 40 new replicas have been updated...
Waiting for deployment "worker" rollout to finish: 0 out of 40 new replicas have been updated...
Waiting for deployment "worker" rollout to finish: 0 out of 40 new replicas have been updated...
Waiting for deployment "worker" rollout to finish: 0 out of 40 new replicas have been updated...
Waiting for deployment "worker" rollout to finish: 0 out of 40 new replicas have been updated...
Waiting for deployment "worker" rollout to finish: 0 out of 40 new replicas have been updated...
Waiting for deployment "worker" rollout to finish: 0 out of 40 new replicas have been updated...
Waiting for deployment "worker" rollout to finish: 0 out of 40 new replicas have been updated...
Waiting for deployment "worker" rollout to finish: 0 out of 40 new replicas have been updated...
Waiting for deployment "worker" rollout to finish: 0 out of 40 new replicas have been updated...
Waiting for deployment "worker" rollout to finish: 0 out of 40 new replicas have been updated...
Waiting for deployment "worker" rollout to finish: 30 out of 40 new replicas have been updated...
Waiting for deployment "worker" rollout to finish: 30 out of 40 new replicas have been updated...
Waiting for deployment "worker" rollout to finish: 30 out of 40 new replicas have been updated...
Waiting for deployment "worker" rollout to finish: 30 out of 40 new replicas have been updated...
Waiting for deployment "worker" rollout to finish: 30 out of 40 new replicas have been updated...
Waiting for deployment "worker" rollout to finish: 31 out of 40 new replicas have been updated...
Waiting for deployment "worker" rollout to finish: 31 out of 40 new replicas have been updated...
Waiting for deployment "worker" rollout to finish: 31 out of 40 new replicas have been updated...
Waiting for deployment "worker" rollout to finish: 31 out of 40 new replicas have been updated...
Waiting for deployment "worker" rollout to finish: 32 out of 40 new replicas have been updated...
Waiting for deployment "worker" rollout to finish: 32 out of 40 new replicas have been updated...
Waiting for deployment "worker" rollout to finish: 32 out of 40 new replicas have been updated...
Waiting for deployment "worker" rollout to finish: 32 out of 40 new replicas have been updated...
Waiting for deployment "worker" rollout to finish: 32 out of 40 new replicas have been updated...
Waiting for deployment "worker" rollout to finish: 32 out of 40 new replicas have been updated...
Waiting for deployment "worker" rollout to finish: 32 out of 40 new replicas have been updated...
Waiting for deployment "worker" rollout to finish: 35 out of 40 new replicas have been updated...
Waiting for deployment "worker" rollout to finish: 19 of 40 updated replicas are available...
Waiting for deployment "worker" rollout to finish: 19 of 40 updated replicas are available...
Waiting for deployment "worker" rollout to finish: 20 of 40 updated replicas are available...
Waiting for deployment "worker" rollout to finish: 21 of 40 updated replicas are available...
Waiting for deployment "worker" rollout to finish: 22 of 40 updated replicas are available...
Waiting for deployment "worker" rollout to finish: 23 of 40 updated replicas are available...
Waiting for deployment "worker" rollout to finish: 24 of 40 updated replicas are available...
Waiting for deployment "worker" rollout to finish: 25 of 40 updated replicas are available...
Waiting for deployment "worker" rollout to finish: 26 of 40 updated replicas are available...
Waiting for deployment "worker" rollout to finish: 27 of 40 updated replicas are available...
Waiting for deployment "worker" rollout to finish: 27 of 40 updated replicas are available...
Waiting for deployment "worker" rollout to finish: 27 of 40 updated replicas are available...
Waiting for deployment "worker" rollout to finish: 27 of 40 updated replicas are available...
Waiting for deployment "worker" rollout to finish: 27 of 40 updated replicas are available...
Waiting for deployment "worker" rollout to finish: 27 of 40 updated replicas are available...
Waiting for deployment "worker" rollout to finish: 27 of 40 updated replicas are available...
Waiting for deployment "worker" rollout to finish: 27 of 40 updated replicas are available...
Waiting for deployment "worker" rollout to finish: 27 of 40 updated replicas are available...
Waiting for deployment "worker" rollout to finish: 27 of 40 updated replicas are available...
Waiting for deployment "worker" rollout to finish: 27 of 40 updated replicas are available...
Waiting for deployment "worker" rollout to finish: 27 of 40 updated replicas are available...
Waiting for deployment "worker" rollout to finish: 27 of 40 updated replicas are available...
Waiting for deployment "worker" rollout to finish: 27 of 40 updated replicas are available...
Waiting for deployment "worker" rollout to finish: 27 of 40 updated replicas are available...
Waiting for deployment "worker" rollout to finish: 27 of 40 updated replicas are available...
Waiting for deployment "worker" rollout to finish: 27 of 40 updated replicas are available...
Waiting for deployment "worker" rollout to finish: 28 of 40 updated replicas are available...
Waiting for deployment "worker" rollout to finish: 29 of 40 updated replicas are available...
Waiting for deployment "worker" rollout to finish: 30 of 40 updated replicas are available...
Waiting for deployment "worker" rollout to finish: 31 of 40 updated replicas are available...
Waiting for deployment "worker" rollout to finish: 31 of 40 updated replicas are available...
Waiting for deployment "worker" rollout to finish: 31 of 40 updated replicas are available...
Waiting for deployment "worker" rollout to finish: 32 of 40 updated replicas are available...
Waiting for deployment "worker" rollout to finish: 33 of 40 updated replicas are available...
Waiting for deployment "worker" rollout to finish: 35 of 40 updated replicas are available...
Waiting for deployment "worker" rollout to finish: 36 of 40 updated replicas are available...
Waiting for deployment "worker" rollout to finish: 37 of 40 updated replicas are available...
Waiting for deployment "worker" rollout to finish: 38 of 40 updated replicas are available...
Waiting for deployment "worker" rollout to finish: 39 of 40 updated replicas are available...
deployment "worker" successfully rolled out
=== Waiting for app LoadBalancer IP ===
App LB: http://35.255.171.242
=== Cluster snapshot ===
NAME                       READY   STATUS    RESTARTS   AGE     IP           NODE                                              NOMINATED NODE   READINESS GATES
app-85c6bf99fb-7ghk9       1/1     Running   0          5m29s   10.56.0.5    gke-ap-sandbox-bench-default-pool-9ead8e65-mh77   <none>           <none>
app-85c6bf99fb-f8jnj       1/1     Running   0          5m29s   10.56.3.5    gke-ap-sandbox-bench-default-pool-9ead8e65-qrwp   <none>           <none>
postgres-bdc689447-qj6j9   1/1     Running   0          5m30s   10.56.2.4    gke-ap-sandbox-bench-default-pool-9ead8e65-z762   <none>           <none>
redis-54bdc56c6b-mszt5     1/1     Running   0          5m29s   10.56.1.5    gke-ap-sandbox-bench-default-pool-9ead8e65-dzhw   <none>           <none>
worker-7c74967587-2hgpb    1/1     Running   0          38s     10.56.4.38   gke-ap-sandbox-bench-default-pool-9ead8e65-dnxk   <none>           <none>
worker-7c74967587-2jg9r    1/1     Running   0          40s     10.56.4.34   gke-ap-sandbox-bench-default-pool-9ead8e65-dnxk   <none>           <none>
worker-7c74967587-2t4km    1/1     Running   0          27s     10.56.2.22   gke-ap-sandbox-bench-default-pool-9ead8e65-z762   <none>           <none>
worker-7c74967587-42j84    1/1     Running   0          35s     10.56.4.42   gke-ap-sandbox-bench-default-pool-9ead8e65-dnxk   <none>           <none>
worker-7c74967587-4rzw8    1/1     Running   0          38s     10.56.0.31   gke-ap-sandbox-bench-default-pool-9ead8e65-mh77   <none>           <none>
worker-7c74967587-65bxs    1/1     Running   0          26s     10.56.3.29   gke-ap-sandbox-bench-default-pool-9ead8e65-qrwp   <none>           <none>
worker-7c74967587-7mc9w    1/1     Running   0          35s     10.56.0.37   gke-ap-sandbox-bench-default-pool-9ead8e65-mh77   <none>           <none>
worker-7c74967587-88kvm    1/1     Running   0          35s     10.56.1.33   gke-ap-sandbox-bench-default-pool-9ead8e65-dzhw   <none>           <none>
worker-7c74967587-bdjr5    1/1     Running   0          26s     10.56.2.21   gke-ap-sandbox-bench-default-pool-9ead8e65-z762   <none>           <none>
worker-7c74967587-bnkcl    1/1     Running   0          28s     10.56.2.20   gke-ap-sandbox-bench-default-pool-9ead8e65-z762   <none>           <none>
worker-7c74967587-dm2gp    1/1     Running   0          38s     10.56.4.39   gke-ap-sandbox-bench-default-pool-9ead8e65-dnxk   <none>           <none>
worker-7c74967587-fqv44    1/1     Running   0          36s     10.56.0.32   gke-ap-sandbox-bench-default-pool-9ead8e65-mh77   <none>           <none>
worker-7c74967587-g26v8    1/1     Running   0          38s     10.56.1.32   gke-ap-sandbox-bench-default-pool-9ead8e65-dzhw   <none>           <none>
worker-7c74967587-gjwmd    1/1     Running   0          35s     10.56.4.41   gke-ap-sandbox-bench-default-pool-9ead8e65-dnxk   <none>           <none>
worker-7c74967587-gk8zt    1/1     Running   0          27s     10.56.3.28   gke-ap-sandbox-bench-default-pool-9ead8e65-qrwp   <none>           <none>
worker-7c74967587-k6l7x    1/1     Running   0          32s     10.56.2.17   gke-ap-sandbox-bench-default-pool-9ead8e65-z762   <none>           <none>
worker-7c74967587-kjr6j    1/1     Running   0          38s     10.56.1.29   gke-ap-sandbox-bench-default-pool-9ead8e65-dzhw   <none>           <none>
worker-7c74967587-kmcdv    1/1     Running   0          35s     10.56.4.43   gke-ap-sandbox-bench-default-pool-9ead8e65-dnxk   <none>           <none>
worker-7c74967587-kst7d    1/1     Running   0          28s     10.56.2.19   gke-ap-sandbox-bench-default-pool-9ead8e65-z762   <none>           <none>
worker-7c74967587-kt7v9    1/1     Running   0          38s     10.56.0.36   gke-ap-sandbox-bench-default-pool-9ead8e65-mh77   <none>           <none>
worker-7c74967587-lfr2z    1/1     Running   0          36s     10.56.4.40   gke-ap-sandbox-bench-default-pool-9ead8e65-dnxk   <none>           <none>
worker-7c74967587-lnjjm    1/1     Running   0          35s     10.56.0.34   gke-ap-sandbox-bench-default-pool-9ead8e65-mh77   <none>           <none>
worker-7c74967587-m5dgm    1/1     Running   0          40s     10.56.0.26   gke-ap-sandbox-bench-default-pool-9ead8e65-mh77   <none>           <none>
worker-7c74967587-mjt6r    1/1     Running   0          38s     10.56.1.34   gke-ap-sandbox-bench-default-pool-9ead8e65-dzhw   <none>           <none>
worker-7c74967587-ngfb9    1/1     Running   0          38s     10.56.3.33   gke-ap-sandbox-bench-default-pool-9ead8e65-qrwp   <none>           <none>
Workers ready: 40
=== IDLE WORKER RAM (connected, before any flow runs) ===
  idle RSS per worker: avg 124 Mi | min 122 Mi | max 127 Mi  (across 27 workers, no flow running)
=== Setting up flow ===
Waiting for app to be ready...
App is ready after 5s
Waiting for webhook piece to be available...
Webhook piece is available (took 1s)
Authenticating...
Sign-up unavailable (platform exists); signing in...
Signed up. Project: VvYGfj4UExagPaX1Qm30i
Creating flow...
Flow created: eUqvuysRwQx89BcfMrUGN
Importing flow definition...
Publishing flow...
=== COLD BOOT: first request (cold process + cold cache) ===
Cold boot latency: 18159 ms
=== WARMUP: 80 requests @ concurrency 40 (not measured) ===
  warmup   Requests/sec:	2.3372
=== WARM THROUGHPUT: 1000 requests @ concurrency 40 ===

Summary:
  Total:	153.1562 secs
  Slowest:	8.9736 secs
  Fastest:	5.3826 secs
  Average:	5.9104 secs
  Requests/sec:	6.5293
  
  Total data:	17000 bytes
  Size/request:	17 bytes

Response time histogram:
  5.383 [1]	|
  5.742 [293]	|■■■■■■■■■■■■■■■■■■■■■
  6.101 [553]	|■■■■■■■■■■■■■■■■■■■■■■■■■■■■■■■■■■■■■■■■
  6.460 [97]	|■■■■■■■
  6.819 [26]	|■■
  7.178 [23]	|■■
  7.537 [0]	|
  7.896 [5]	|
  8.255 [1]	|
  8.615 [0]	|
  8.974 [1]	|


Latency distribution:
  10%% in 5.6701 secs
  25%% in 5.7087 secs
  50%% in 5.8130 secs
  75%% in 5.9697 secs
  90%% in 6.2650 secs
  95%% in 6.5488 secs
  99%% in 7.1500 secs

Details (average, fastest, slowest):
  DNS+dialup:	0.0057 secs, 0.0000 secs, 0.1441 secs
  DNS-lookup:	0.0000 secs, 0.0000 secs, 0.0000 secs
  req write:	0.0001 secs, 0.0000 secs, 0.0004 secs
  resp wait:	5.9045 secs, 5.3823 secs, 8.9733 secs
  resp read:	0.0001 secs, 0.0000 secs, 0.0017 secs

Status code distribution:
  [200]	1000 responses




=== RESOURCE USAGE during load (app vs worker) ===
  app      : 76 samples, avg 224 m/pod (limit 1500m)
  worker   : 1520 samples, avg 29 m/pod (limit 100m)
  postgres : 38 samples, avg 75 m
  redis    : 38 samples, avg 49 m

=== PER-RUN BREAKDOWN (avg ms, from worker pod logs) ===
  samples              : 1085 runs
  flow bundle download : 14.7 ms
  pieces install       : 76.5 ms
  engine install       : 0.4 ms
  provision (total)    : 91.7 ms
  sandbox start (boot) : 278.4 ms
  sandbox run (flow)   : 5973.6 ms
  execution (total)    : 6252.4 ms
